[backblue.gif]
[fade.gif]
[index.html]
[heyleia.com/images/favicon.png]
[maxcdn.bootstrapcdn.com/bootstrap/3.3.5/js/bootstrap.min.js]
[code.jquery.com/jquery-latest.min.js]
[use.fontawesome.com/releases/v5.0.8/css/all.css]
[heyleia.com/js/analytics.js]
[heyleia.com/js/swal.min.js]
[marumarudd.site.live/lib/fancybox/jquery.fancybox-1.3.4.pack1496.js]
[marumarudd.site.live/lib/fancybox/jquery.easing-1.3.pack.js]
[marumarudd.site.live/lib/fancybox/jquery.mousewheel-3.0.4.pack.js]
[marumarudd.site.live/img/dl37E-EzLNy-7vJqN-5yp65-YIXEb.jpg]
[cdnjs.cloudflare.com/ajax/libs/fancybox/3.1.25/jquery.fancybox.min.js]
[marumarudd.site.live/img/ySDoC-FclR1-XVac2-QCl6u-7EZiK.jpg]
[marumarudd.site.live/img/lqME0-0SMx6-SICMt-OFKDV-xsN9m.jpg]
[marumarudd.site.live/img/aR7HK-AFqcS-BqqWx-IULfx-pZIBr.jpg]
[marumarudd.site.live/img/xVeD8-yJvms-1yPfV-qej9T-qi5mv.jpg]
[marumarudd.site.live/img/eaIxi-336OS-Zpwui-s0u9e-Mx8aM.jpg]
[marumarudd.site.live/img/v24f5-XfZg9-gk0sF-sFXvV-PshxS.jpg]
[marumarudd.site.live/img/0M5Cz-otuoz-1WRhp-6ZdZd-TlBl5.jpg]
[marumarudd.site.live/img/sLyb8-F4jej-S4CT2-sQkll-vGSTH.jpg]
[marumarudd.site.live/img/mnAT4-55BRc-j1qdN-ulFsc-1Uv1k.jpg]
[marumarudd.site.live/img/5JlHC-hty3h-5UMSG-xoR20-AEK4T.jpg]
[marumarudd.site.live/img/42mRR-8AJeh-nzHki-Xl6Ti-OKgP7.jpg]
[marumarudd.site.live/img/zSfRe-Mizl9-7bbpF-Tfqfk-REIEW.jpg]
[marumarudd.site.live/img/N44K9-JL3Qk-BqnNv-hFLdR-sQuds.jpg]
[marumarudd.site.live/img/Cyuk7-nMe1X-Jbrho-bdbNP-Zaybu.jpg]
[marumarudd.site.live/img/c5arx-WGDow-1xpI5-5nf7M-Vizsi.jpg]
[marumarudd.site.live/img/xWIFN-gRQ8v-LV2jH-Gcclt-jZyeO.jpg]
[marumarudd.site.live/img/tiOJX-Dpbit-NLqhh-WhdRX-91UmN.png]
[marumarudd.site.live/img/iR80V-jVana-YaN3a-Irj4y-vd3MZ.jpg]
[heyleia.com/images/poweredBy.png]
[marumarudd.site.live/indexbe50.html]
[use.fontawesome.com/releases/v5.0.8/css/all.css]
[marumarudd.site.live/css/bootstrap.min.css]
[heyleia.com/css/sweetalert.css]
[heyleia.com/css/leia.css]
[marumarudd.site.live/shophttps_/www.fiverr.com/marudaidai.html]
[marumarudd.site.live/_https_/images.unsplash.com/photo-1571757767119-68b8dbed8c97b5fa.html]
[marumarudd.site.live/lib/fancybox/fancybox.png]
[marumarudd.site.live/lib/fancybox/blank.gif]
[marumarudd.site.live/lib/fancybox/jquery.fancybox-1.3.4.css]
[marumarudd.site.live/_https_/images.unsplash.com/photo-1577134352098-0599fcdefaaef561.html]
[marumarudd.site.live/_https_/images.unsplash.com/photo-1619251173183-eccbb0f03cd2ea31.html]
[marumarudd.site.live/fonts/glyphicons-halflings-regular.html]
[marumarudd.site.live/fonts/glyphicons-halflings-regulard41d.html]
[marumarudd.site.live/fonts/glyphicons-halflings-regular-2.html]
[marumarudd.site.live/fonts/glyphicons-halflings-regular-3.html]
[marumarudd.site.live/fonts/glyphicons-halflings-regular-4.html]
[marumarudd.site.live/lib/fancybox/fancybox-x.html]
[marumarudd.site.live/lib/fancybox/fancybox-y.html]
[marumarudd.site.live/lib/fancybox/fancy_title_over.html]
[marumarudd.site.live/lib/fancybox/fancybox/fancy_close.html]
[marumarudd.site.live/lib/fancybox/fancybox/fancy_nav_left.html]
[marumarudd.site.live/lib/fancybox/fancybox/fancy_nav_right.html]
[marumarudd.site.live/lib/fancybox/fancybox/fancy_title_over.html]
[marumarudd.site.live/lib/fancybox/fancybox/fancy_title_left.html]
[marumarudd.site.live/lib/fancybox/fancybox/fancy_title_main.html]
[marumarudd.site.live/lib/fancybox/fancybox/fancy_title_right.html]
[marumarudd.site.live/lib/fancybox/fancybox/fancy_loading.html]
[marumarudd.site.live/lib/fancybox/fancybox/fancy_shadow_n.html]
[marumarudd.site.live/lib/fancybox/fancybox/fancy_shadow_ne.html]
[marumarudd.site.live/lib/fancybox/fancybox/fancy_shadow_e.html]
[marumarudd.site.live/lib/fancybox/fancybox/fancy_shadow_se.html]
[marumarudd.site.live/lib/fancybox/fancybox/fancy_shadow_s.html]
[marumarudd.site.live/lib/fancybox/fancybox/fancy_shadow_sw.html]
[marumarudd.site.live/lib/fancybox/fancybox/fancy_shadow_w.html]
[marumarudd.site.live/lib/fancybox/fancybox/fancy_shadow_nw.html]
